
[1m[46m RUN [49m[22m [36mv4.0.16 [39m[90mC:/Users/2065580/OneDrive - Cognizant/DEFRA/Service Optimisation/AI Content Review/content-reviewer-backend[39m

node.exe : 
At C:\Program Files\nodejs\npx.ps1:29 char:3
+   & $NODE_EXE $NPX_CLI_JS $args
+   ~~~~~~~~~~~~~~~~~~~~~~~~~~~~~
    + CategoryInfo          : NotSpecified: (:String) [], RemoteException
    + FullyQualifiedErrorId : NativeCommandError
 
[31mΓÄ»ΓÄ»ΓÄ»ΓÄ»ΓÄ»ΓÄ»[39m[1m[41m Failed Suites 2 [49m[22m[31mΓÄ»ΓÄ»ΓÄ»ΓÄ»ΓÄ»ΓÄ»ΓÄ»[39m

[41m[1m FAIL [22m[49m src/routes/review-helpers.constants-validation.test.js[2m [ 
src/routes/review-helpers.constants-validation.test.js ][22m
[41m[1m FAIL [22m[49m src/routes/review-helpers.queue-format.test.js[2m [ 
src/routes/review-helpers.queue-format.test.js ][22m
[31m[1mTypeError[22m: Cannot read properties of null (reading 'isEnabled')[39m
[36m [2mΓ¥»[22m src/common/helpers/logging/logger-options.js:[2m20:22[22m[39m
    [90m 18| [39m
    [90m 19| [39m[35mexport[39m [35mconst[39m loggerOptions [33m=[39m {
    [90m 20| [39m  enabled[33m:[39m logConfig[33m.[39misEnabled[33m,[39m
    [90m   | [39m                     [31m^[39m
    [90m 21| [39m  ignorePaths[33m:[39m [[32m'/health'[39m][33m,[39m
    [90m 22| [39m  redact[33m:[39m {
[90m [2mΓ¥»[22m src/common/helpers/logging/logger.js:[2m3:1[22m[39m
[90m [2mΓ¥»[22m src/common/helpers/result-envelope.js:[2m8:1[22m[39m

[31m[2mΓÄ»ΓÄ»ΓÄ»ΓÄ»ΓÄ»ΓÄ»ΓÄ»ΓÄ»ΓÄ»ΓÄ»ΓÄ»ΓÄ»ΓÄ»ΓÄ»ΓÄ»ΓÄ»ΓÄ»ΓÄ»ΓÄ»ΓÄ»ΓÄ»ΓÄ»ΓÄ»ΓÄ»[1/2]ΓÄ»[22m[
39m


[2m Test Files [22m [1m[31m2 failed[39m[22m[90m (2)[39m
[2m      Tests [22m [2mno tests[22m
[2m   Start at [22m 13:55:11
[2m   Duration [22m 4.91s[2m (transform 405ms, setup 1.72s, import 0ms, tests 0ms, environment 1ms)[22m

